// Jest Snapshot v1, https://goo.gl/fbAQLP

exports[`renders without crashing 1`] = `ShallowWrapper {}`;

exports[`should test Todo component 1`] = `ShallowWrapper {}`;
